Archive member included to satisfy reference by file (symbol)

../lib/uart/bin/uart.a(uart.o)
                              src/bootloader.o (initialize_uarts)

Discarded input sections

 .text          0x00000000        0x0 src/bootloader.o
 .data          0x00000000        0x0 src/bootloader.o
 .bss           0x00000000        0x0 src/bootloader.o
 .bss.offset    0x00000000        0x4 src/bootloader.o
 .bss.num_packets
                0x00000000        0x4 src/bootloader.o
 .bss.data      0x00000000      0xc00 src/bootloader.o
 .text.Delay    0x00000000       0x28 src/bootloader.o
 .text          0x00000000        0x0 src/startup_gcc.o
 .data          0x00000000        0x0 src/startup_gcc.o
 .bss           0x00000000        0x0 src/startup_gcc.o
 .text          0x00000000        0x0 ../lib/driverlib/bin/aes.o
 .data          0x00000000        0x0 ../lib/driverlib/bin/aes.o
 .bss           0x00000000        0x0 ../lib/driverlib/bin/aes.o
 .rodata.AESReset.str1.1
                0x00000000        0x6 ../lib/driverlib/bin/aes.o
 .text.AESReset
                0x00000000       0x30 ../lib/driverlib/bin/aes.o
 .text.AESConfigSet
                0x00000000       0x90 ../lib/driverlib/bin/aes.o
 .text.AESKey1Set
                0x00000000       0x64 ../lib/driverlib/bin/aes.o
 .text.AESKey2Set
                0x00000000       0x64 ../lib/driverlib/bin/aes.o
 .text.AESKey3Set
                0x00000000       0x30 ../lib/driverlib/bin/aes.o
 .text.AESIVSet
                0x00000000       0x30 ../lib/driverlib/bin/aes.o
 .text.AESIVRead
                0x00000000       0x38 ../lib/driverlib/bin/aes.o
 .text.AESTagRead
                0x00000000       0x38 ../lib/driverlib/bin/aes.o
 .text.AESLengthSet
                0x00000000       0x28 ../lib/driverlib/bin/aes.o
 .text.AESAuthLengthSet
                0x00000000       0x24 ../lib/driverlib/bin/aes.o
 .text.AESDataReadNonBlocking
                0x00000000       0x3c ../lib/driverlib/bin/aes.o
 .text.AESDataRead
                0x00000000       0x38 ../lib/driverlib/bin/aes.o
 .text.AESDataWriteNonBlocking
                0x00000000       0x3c ../lib/driverlib/bin/aes.o
 .text.AESDataWrite
                0x00000000       0x38 ../lib/driverlib/bin/aes.o
 .text.AESDataProcess
                0x00000000       0x50 ../lib/driverlib/bin/aes.o
 .text.AESDataAuth
                0x00000000       0x50 ../lib/driverlib/bin/aes.o
 .text.AESDataProcessAuth
                0x00000000       0x78 ../lib/driverlib/bin/aes.o
 .text.AESIntStatus
                0x00000000       0x64 ../lib/driverlib/bin/aes.o
 .text.AESIntEnable
                0x00000000       0x84 ../lib/driverlib/bin/aes.o
 .text.AESIntDisable
                0x00000000       0x88 ../lib/driverlib/bin/aes.o
 .text.AESIntClear
                0x00000000       0x60 ../lib/driverlib/bin/aes.o
 .text.AESIntRegister
                0x00000000       0x30 ../lib/driverlib/bin/aes.o
 .text.AESIntUnregister
                0x00000000       0x2c ../lib/driverlib/bin/aes.o
 .text.AESDMAEnable
                0x00000000       0x48 ../lib/driverlib/bin/aes.o
 .text.AESDMADisable
                0x00000000       0x48 ../lib/driverlib/bin/aes.o
 .debug_info    0x00000000      0xe12 ../lib/driverlib/bin/aes.o
 .debug_abbrev  0x00000000      0x182 ../lib/driverlib/bin/aes.o
 .debug_loclists
                0x00000000      0x802 ../lib/driverlib/bin/aes.o
 .debug_aranges
                0x00000000       0xe0 ../lib/driverlib/bin/aes.o
 .debug_rnglists
                0x00000000       0xa6 ../lib/driverlib/bin/aes.o
 .debug_line    0x00000000      0xc09 ../lib/driverlib/bin/aes.o
 .debug_str     0x00000000      0x420 ../lib/driverlib/bin/aes.o
 .comment       0x00000000       0x46 ../lib/driverlib/bin/aes.o
 .debug_frame   0x00000000      0x2dc ../lib/driverlib/bin/aes.o
 .ARM.attributes
                0x00000000       0x34 ../lib/driverlib/bin/aes.o
 .text          0x00000000        0x0 ../lib/driverlib/bin/can.o
 .data          0x00000000        0x0 ../lib/driverlib/bin/can.o
 .bss           0x00000000        0x0 ../lib/driverlib/bin/can.o
 .text._CANBaseValid
                0x00000000       0x14 ../lib/driverlib/bin/can.o
 .rodata._CANIntNumberGet.str1.1
                0x00000000        0x6 ../lib/driverlib/bin/can.o
 .text._CANIntNumberGet
                0x00000000       0x7c ../lib/driverlib/bin/can.o
 .text.CANInit  0x00000000       0x58 ../lib/driverlib/bin/can.o
 .text.CANEnable
                0x00000000       0x24 ../lib/driverlib/bin/can.o
 .text.CANDisable
                0x00000000       0x24 ../lib/driverlib/bin/can.o
 .text.CANBitTimingGet
                0x00000000       0x54 ../lib/driverlib/bin/can.o
 .text.CANBitRateSet
                0x00000000       0xac ../lib/driverlib/bin/can.o
 .text.CANBitTimingSet
                0x00000000       0xc0 ../lib/driverlib/bin/can.o
 .text.CANIntRegister
                0x00000000       0x40 ../lib/driverlib/bin/can.o
 .text.CANIntUnregister
[...]
Memory Configuration

Name             Origin             Length             Attributes
FLASH            0x00000000         0x00040000         xr
SRAM             0x20000000         0x00008000         xrw
*default*        0x00000000         0xffffffff

Linker script and memory map


.text           0x00000000      0xddc
                0x00000000                        _text = .
 *(.isr_vector)
 .isr_vector    0x00000000      0x26c src/startup_gcc.o
                0x00000000                g_pfnVectors
 *(.text*)
 .text.main     0x0000026c       0x78 src/bootloader.o
                0x0000026c                main
 .text.init_GPIO
                0x000002e4       0x94 src/bootloader.o
                0x000002e4                init_GPIO
 .text.start_game
                0x00000378       0x38 src/bootloader.o
                0x00000378                start_game
 .text.ResetISR
                0x000003b0       0x6c src/startup_gcc.o
                0x000003b0                ResetISR
 .text.NmiSR    0x0000041c        0x8 src/startup_gcc.o
 .text.FaultISR
                0x00000424        0x8 src/startup_gcc.o
 .text.IntDefaultHandler
                0x0000042c        0x8 src/startup_gcc.o
 .text.__error__
                0x00000434        0x2 ../lib/driverlib/bin/flash.o
                0x00000434                __error__
 *fill*         0x00000436        0x2 
 .text._GPIOBaseValid
                0x00000438       0x54 ../lib/driverlib/bin/gpio.o
 .text.GPIODirModeSet
                0x0000048c       0x50 ../lib/driverlib/bin/gpio.o
                0x0000048c                GPIODirModeSet
 .text.GPIOPadConfigSet
                0x000004dc      0x1a8 ../lib/driverlib/bin/gpio.o
                0x000004dc                GPIOPadConfigSet
 .text.GPIOPinTypeUART
                0x00000684       0x34 ../lib/driverlib/bin/gpio.o
                0x00000684                GPIOPinTypeUART
 .text.GPIOPinConfigure
                0x000006b8       0x68 ../lib/driverlib/bin/gpio.o
                0x000006b8                GPIOPinConfigure
 .text._SysCtlPeripheralValid
                0x00000720       0xc0 ../lib/driverlib/bin/sysctl.o
 .text.SysCtlPeripheralReady
                0x000007e0       0x3c ../lib/driverlib/bin/sysctl.o
                0x000007e0                SysCtlPeripheralReady
 .text.SysCtlPeripheralEnable
                0x0000081c       0x38 ../lib/driverlib/bin/sysctl.o
                0x0000081c                SysCtlPeripheralEnable
 .text.SysCtlClockGet
                0x00000854      0x160 ../lib/driverlib/bin/sysctl.o
                0x00000854                SysCtlClockGet
 .text._UARTBaseValid
                0x000009b4       0x20 ../lib/driverlib/bin/uart.o
 .text.UARTEnable
                0x000009d4       0x30 ../lib/driverlib/bin/uart.o
                0x000009d4                UARTEnable
 .text.UARTDisable
                0x00000a04       0x34 ../lib/driverlib/bin/uart.o
                0x00000a04                UARTDisable
 .text.UARTConfigSetExpClk
                0x00000a38       0x7c ../lib/driverlib/bin/uart.o
                0x00000a38                UARTConfigSetExpClk
 .text.UARTCharsAvail
                0x00000ab4       0x28 ../lib/driverlib/bin/uart.o
                0x00000ab4                UARTCharsAvail
 .text.UARTCharGet
                0x00000adc       0x24 ../lib/driverlib/bin/uart.o
                0x00000adc                UARTCharGet
 .text.UARTCharPut
                0x00000b00       0x24 ../lib/driverlib/bin/uart.o
                0x00000b00                UARTCharPut
 .text.UARTClockSourceSet
                0x00000b24       0x30 ../lib/driverlib/bin/uart.o
                0x00000b24                UARTClockSourceSet
 .text.initialize_uarts
                0x00000b54       0x50 ../lib/uart/bin/uart.a(uart.o)
                0x00000b54                initialize_uarts
 .text.uart_read
                0x00000ba4       0x38 ../lib/uart/bin/uart.a(uart.o)
                0x00000ba4                uart_read
 .text.uart_write
                0x00000bdc       0x16 ../lib/uart/bin/uart.a(uart.o)
                0x00000bdc                uart_write
 .text.uart_write_str
                0x00000bf2       0x16 ../lib/uart/bin/uart.a(uart.o)
                0x00000bf2                uart_write_str
 *(.rodata*)
 .rodata        0x00000c08       0xbe src/bootloader.o
 .rodata._GPIOIntNumberGet.str1.1
                0x00000cc6       0x17 ../lib/driverlib/bin/gpio.o
                                  0x7 (size before relaxing)
 *fill*         0x00000cdd        0x3 
 .rodata.g_pui32GPIOBaseAddrs
                0x00000ce0       0x90 ../lib/driverlib/bin/gpio.o
 .rodata.SysCtlPeripheralPresent.str1.1
                0x00000d70        0x9 ../lib/driverlib/bin/sysctl.o
 .rodata.g_pui32Xtals
                0x00000d70       0x6c ../lib/driverlib/bin/sysctl.o
 .rodata.UARTParityModeSet.str1.1
                0x00000ddc        0x7 ../lib/driverlib/bin/uart.o
                0x00000ddc                        _etext = .

.glue_7         0x00000ddc        0x0
 .glue_7        0x00000ddc        0x0 linker stubs

.glue_7t        0x00000ddc        0x0
 .glue_7t       0x00000ddc        0x0 linker stubs

.vfp11_veneer   0x00000ddc        0x0
 .vfp11_veneer  0x00000ddc        0x0 linker stubs

.v4_bx          0x00000ddc        0x0
 .v4_bx         0x00000ddc        0x0 linker stubs

.iplt           0x00000ddc        0x0
 .iplt          0x00000ddc        0x0 src/bootloader.o

.rel.dyn        0x00000ddc        0x0
 .rel.iplt      0x00000ddc        0x0 src/bootloader.o

.ARM.exidx
 *(.ARM.exidx*)
 *(.gnu.linkonce.armexidx.*)
                0x00000ddc                        _begin_data = .

.data           0x20000000        0x0 load address 0x00000ddc
                0x20000000                        _data = .
                0x00000ddc                        _ldata = LOADADDR (.data)
 *(vtable)
 *(.data*)
                0x20000000                        _edata = .

.igot.plt       0x20000000        0x0
 .igot.plt      0x20000000        0x0 src/bootloader.o

.bss            0x20000000     0x5404
                0x20000000                        _bss = .
 *(.bss*)
 .bss.state     0x20000000        0x4 src/bootloader.o
                0x20000000                state
 .bss.pui32Stack
                0x20000004     0x5400 src/startup_gcc.o
 *(COMMON)
                0x20005404                        _ebss = .
                0x20005404                        _end = _ebss
                0x20005404                        end = _end
LOAD src/bootloader.o
LOAD src/startup_gcc.o
LOAD ../lib/driverlib/bin/aes.o
LOAD ../lib/driverlib/bin/can.o
LOAD ../lib/driverlib/bin/comp.o
LOAD ../lib/driverlib/bin/cpu.o
LOAD ../lib/driverlib/bin/crc.o
LOAD ../lib/driverlib/bin/des.o
LOAD ../lib/driverlib/bin/eeprom.o
LOAD ../lib/driverlib/bin/emac.o
LOAD ../lib/driverlib/bin/epi.o
LOAD ../lib/driverlib/bin/flash.o
LOAD ../lib/driverlib/bin/fpu.o
LOAD ../lib/driverlib/bin/gpio.o
LOAD ../lib/driverlib/bin/hibernate.o
LOAD ../lib/driverlib/bin/i2c.o
LOAD ../lib/driverlib/bin/interrupt.o
LOAD ../lib/driverlib/bin/lcd.o
LOAD ../lib/driverlib/bin/mpu.o
LOAD ../lib/driverlib/bin/onewire.o
LOAD ../lib/driverlib/bin/pwm.o
LOAD ../lib/driverlib/bin/qei.o
LOAD ../lib/driverlib/bin/shamd5.o
LOAD ../lib/driverlib/bin/ssi.o
LOAD ../lib/driverlib/bin/sw_crc.o
LOAD ../lib/driverlib/bin/sysctl.o
LOAD ../lib/driverlib/bin/sysexc.o
LOAD ../lib/driverlib/bin/systick.o
LOAD ../lib/driverlib/bin/timer.o
LOAD ../lib/driverlib/bin/uart.o
LOAD ../lib/driverlib/bin/udma.o
LOAD ../lib/driverlib/bin/usb.o
LOAD ../lib/driverlib/bin/watchdog.o
LOAD ../lib/uart/bin/uart.a
LOAD ../lib/wolfssl/IDE/GCC-ARM/Build/libwolfssl.a
LOAD /Applications/ArmGNUToolchain/14.2.rel1/arm-none-eabi/bin/../lib/gcc/arm-none-eabi/14.2.1/../../../../arm-none-eabi/lib/thumb/v7e-m+fp/hard/libm.a
LOAD /Applications/ArmGNUToolchain/14.2.rel1/arm-none-eabi/bin/../lib/gcc/arm-none-eabi/14.2.1/../../../../arm-none-eabi/lib/thumb/v7e-m+fp/hard/libc.a
LOAD /Applications/ArmGNUToolchain/14.2.rel1/arm-none-eabi/bin/../lib/gcc/arm-none-eabi/14.2.1/thumb/v7e-m+fp/hard/libgcc.a
OUTPUT(bin/bootloader.axf elf32-littlearm)
LOAD linker stubs

.debug_info     0x00000000     0x5c08
 .debug_info    0x00000000      0x217 src/bootloader.o
 .debug_info    0x00000217      0x16e src/startup_gcc.o
 .debug_info    0x00000385      0x5e5 ../lib/driverlib/bin/flash.o
 .debug_info    0x0000096a     0x2385 ../lib/driverlib/bin/gpio.o
 .debug_info    0x00002cef     0x1191 ../lib/driverlib/bin/sysctl.o
 .debug_info    0x00003e80     0x1765 ../lib/driverlib/bin/uart.o
 .debug_info    0x000055e5      0x623 ../lib/uart/bin/uart.a(uart.o)

.debug_abbrev   0x00000000      0xc4e
 .debug_abbrev  0x00000000      0x164 src/bootloader.o
 .debug_abbrev  0x00000164       0xef src/startup_gcc.o
 .debug_abbrev  0x00000253      0x1d4 ../lib/driverlib/bin/flash.o
 .debug_abbrev  0x00000427      0x19e ../lib/driverlib/bin/gpio.o
 .debug_abbrev  0x000005c5      0x295 ../lib/driverlib/bin/sysctl.o
 .debug_abbrev  0x0000085a      0x1d6 ../lib/driverlib/bin/uart.o
 .debug_abbrev  0x00000a30      0x21e ../lib/uart/bin/uart.a(uart.o)

.debug_aranges  0x00000000      0x6a8
 .debug_aranges
                0x00000000       0x38 src/bootloader.o
 .debug_aranges
                0x00000038       0x38 src/startup_gcc.o
 .debug_aranges
                0x00000070       0xa8 ../lib/driverlib/bin/flash.o
 .debug_aranges
                0x00000118      0x1b0 ../lib/driverlib/bin/gpio.o
 .debug_aranges
                0x000002c8      0x1e8 ../lib/driverlib/bin/sysctl.o
 .debug_aranges
                0x000004b0      0x1a0 ../lib/driverlib/bin/uart.o
 .debug_aranges
                0x00000650       0x58 ../lib/uart/bin/uart.a(uart.o)

.debug_rnglists
                0x00000000      0x4ef
 .debug_rnglists
                0x00000000       0x26 src/bootloader.o
 .debug_rnglists
                0x00000026       0x25 src/startup_gcc.o
 .debug_rnglists
                0x0000004b       0x79 ../lib/driverlib/bin/flash.o
 .debug_rnglists
                0x000000c4      0x142 ../lib/driverlib/bin/gpio.o
 .debug_rnglists
                0x00000206      0x16d ../lib/driverlib/bin/sysctl.o
 .debug_rnglists
                0x00000373      0x133 ../lib/driverlib/bin/uart.o
 .debug_rnglists
                0x000004a6       0x49 ../lib/uart/bin/uart.a(uart.o)

.debug_line     0x00000000     0x43d5
 .debug_line    0x00000000      0x219 src/bootloader.o
 .debug_line    0x00000219      0x17a src/startup_gcc.o
 .debug_line    0x00000393      0x68f ../lib/driverlib/bin/flash.o
 .debug_line    0x00000a22     0x1334 ../lib/driverlib/bin/gpio.o
 .debug_line    0x00001d56     0x138a ../lib/driverlib/bin/sysctl.o
 .debug_line    0x000030e0      0xfe1 ../lib/driverlib/bin/uart.o
 .debug_line    0x000040c1      0x314 ../lib/uart/bin/uart.a(uart.o)

.debug_str      0x00000000     0x16dd
 .debug_str     0x00000000     0x16dd src/bootloader.o
                                0x256 (size before relaxing)
 .debug_str     0x000016dd      0x1fc src/startup_gcc.o
 .debug_str     0x000016dd      0x451 ../lib/driverlib/bin/flash.o
 .debug_str     0x000016dd      0x728 ../lib/driverlib/bin/gpio.o
 .debug_str     0x000016dd      0x929 ../lib/driverlib/bin/sysctl.o
 .debug_str     0x000016dd      0x6ce ../lib/driverlib/bin/uart.o
 .debug_str     0x000016dd      0x31b ../lib/uart/bin/uart.a(uart.o)

.comment        0x00000000       0x45
 .comment       0x00000000       0x45 src/bootloader.o
                                 0x46 (size before relaxing)
 .comment       0x00000045       0x46 src/startup_gcc.o
 .comment       0x00000045       0x46 ../lib/driverlib/bin/flash.o
 .comment       0x00000045       0x46 ../lib/driverlib/bin/gpio.o
 .comment       0x00000045       0x46 ../lib/driverlib/bin/sysctl.o
 .comment       0x00000045       0x46 ../lib/driverlib/bin/uart.o
 .comment       0x00000045       0x46 ../lib/uart/bin/uart.a(uart.o)

.ARM.attributes
                0x00000000       0x34
 .ARM.attributes
                0x00000000       0x34 src/bootloader.o
 .ARM.attributes
                0x00000034       0x34 src/startup_gcc.o
 .ARM.attributes
                0x00000068       0x34 ../lib/driverlib/bin/flash.o
 .ARM.attributes
                0x0000009c       0x34 ../lib/driverlib/bin/gpio.o
 .ARM.attributes
                0x000000d0       0x34 ../lib/driverlib/bin/sysctl.o
 .ARM.attributes
                0x00000104       0x34 ../lib/driverlib/bin/uart.o
 .ARM.attributes
                0x00000138       0x34 ../lib/uart/bin/uart.a(uart.o)

.debug_frame    0x00000000     0x13d0
 .debug_frame   0x00000000       0x9c src/bootloader.o
 .debug_frame   0x0000009c       0x7c src/startup_gcc.o
 .debug_frame   0x00000118      0x180 ../lib/driverlib/bin/flash.o
 .debug_frame   0x00000298      0x678 ../lib/driverlib/bin/gpio.o
 .debug_frame   0x00000910      0x4bc ../lib/driverlib/bin/sysctl.o
 .debug_frame   0x00000dcc      0x51c ../lib/driverlib/bin/uart.o
 .debug_frame   0x000012e8       0xe8 ../lib/uart/bin/uart.a(uart.o)

.debug_loclists
                0x00000000     0x304c
 .debug_loclists
                0x00000000      0x340 ../lib/driverlib/bin/flash.o
 .debug_loclists
                0x00000340     0x11b8 ../lib/driverlib/bin/gpio.o
 .debug_loclists
                0x000014f8      0xb9e ../lib/driverlib/bin/sysctl.o
 .debug_loclists
                0x00002096      0xccd ../lib/driverlib/bin/uart.o
 .debug_loclists
                0x00002d63      0x2e9 ../lib/uart/bin/uart.a(uart.o)
